..F...FFF..F.......FFFFFFFFF.FFFFF.FFFFFFFFFFFFFF                        [100%]
================================== FAILURES ===================================
_______________________ test_get_all_repos_returns_list _______________________
tests\unit\test_api_client.py:73: in test_get_all_repos_returns_list
    assert len(result) == 2
E   AssertionError: assert 3 == 2
E    +  where 3 = len([<MagicMock name='repo-1' id='2353468776672'>, <MagicMock name='repo-archived' id='2353468784496'>, <MagicMock name='repo-2' id='2353468825056'>])
______________ test_get_last_commit_date_empty_repo_returns_none ______________
tests\unit\test_api_client.py:136: in test_get_last_commit_date_empty_repo_returns_none
    assert result is None
E   AssertionError: assert <MagicMock name='mock.pushed_at' id='2353469367168'> is None
__________________ test_get_last_commit_date_missing_author ___________________
tests\unit\test_api_client.py:151: in test_get_last_commit_date_missing_author
    assert result is None
E   AssertionError: assert <MagicMock name='mock.pushed_at' id='2353469384080'> is None
____________________ test_get_last_commit_date_string_date ____________________
tests\unit\test_api_client.py:167: in test_get_last_commit_date_string_date
    assert result == datetime(2024, 3, 24, 12, 0, 0, tzinfo=timezone.utc)
E   AssertionError: assert <MagicMock name='mock.pushed_at' id='2353469557920'> == datetime.datetime(2024, 3, 24, 12, 0, tzinfo=datetime.timezone.utc)
E    +  where datetime.datetime(2024, 3, 24, 12, 0, tzinfo=datetime.timezone.utc) = datetime(2024, 3, 24, 12, 0, 0, tzinfo=datetime.timezone.utc)
E    +    where datetime.timezone.utc = timezone.utc
___________________ test_get_contributors_no_login_or_empty ___________________
tests\unit\test_api_client.py:219: in test_get_contributors_no_login_or_empty
    assert result == []
E   AssertionError: assert ['', None] == []
E     
E     Left contains 2 more items, first extra item: ''
E     Use -v to get more diff
___________________ test_identify_stale_repos_returns_stale ___________________
tests\unit\test_archiver.py:118: in test_identify_stale_repos_returns_stale
    result = identify_stale_repos(repos, stale_days=90)
src\main\archiver.py:136: in identify_stale_repos
    logger.info(
C:\Program Files\Python310\lib\logging\__init__.py:1477: in info
    self._log(INFO, msg, args, **kwargs)
C:\Program Files\Python310\lib\logging\__init__.py:1624: in _log
    self.handle(record)
C:\Program Files\Python310\lib\logging\__init__.py:1634: in handle
    self.callHandlers(record)
C:\Program Files\Python310\lib\logging\__init__.py:1695: in callHandlers
    if record.levelno >= hdlr.level:
E   TypeError: '>=' not supported between instances of 'int' and 'MagicMock'
__________________ test_identify_stale_repos_excludes_recent __________________
tests\unit\test_archiver.py:131: in test_identify_stale_repos_excludes_recent
    result = identify_stale_repos(repos, stale_days=90)
src\main\archiver.py:144: in identify_stale_repos
    logger.info(
C:\Program Files\Python310\lib\logging\__init__.py:1477: in info
    self._log(INFO, msg, args, **kwargs)
C:\Program Files\Python310\lib\logging\__init__.py:1624: in _log
    self.handle(record)
C:\Program Files\Python310\lib\logging\__init__.py:1634: in handle
    self.callHandlers(record)
C:\Program Files\Python310\lib\logging\__init__.py:1695: in callHandlers
    if record.levelno >= hdlr.level:
E   TypeError: '>=' not supported between instances of 'int' and 'MagicMock'
______________ test_identify_stale_repos_skips_already_archived _______________
tests\unit\test_archiver.py:139: in test_identify_stale_repos_skips_already_archived
    result = identify_stale_repos(repos, stale_days=90)
src\main\archiver.py:144: in identify_stale_repos
    logger.info(
C:\Program Files\Python310\lib\logging\__init__.py:1477: in info
    self._log(INFO, msg, args, **kwargs)
C:\Program Files\Python310\lib\logging\__init__.py:1624: in _log
    self.handle(record)
C:\Program Files\Python310\lib\logging\__init__.py:1634: in handle
    self.callHandlers(record)
C:\Program Files\Python310\lib\logging\__init__.py:1695: in callHandlers
    if record.levelno >= hdlr.level:
E   TypeError: '>=' not supported between instances of 'int' and 'MagicMock'
____________ test_identify_stale_repos_treats_empty_repo_as_stale _____________
tests\unit\test_archiver.py:152: in test_identify_stale_repos_treats_empty_repo_as_stale
    result = identify_stale_repos(repos, stale_days=90)
src\main\archiver.py:126: in identify_stale_repos
    logger.warning(
C:\Program Files\Python310\lib\logging\__init__.py:1489: in warning
    self._log(WARNING, msg, args, **kwargs)
C:\Program Files\Python310\lib\logging\__init__.py:1624: in _log
    self.handle(record)
C:\Program Files\Python310\lib\logging\__init__.py:1634: in handle
    self.callHandlers(record)
C:\Program Files\Python310\lib\logging\__init__.py:1695: in callHandlers
    if record.levelno >= hdlr.level:
E   TypeError: '>=' not supported between instances of 'int' and 'MagicMock'
____________________ test_identify_stale_repos_mixed_list _____________________
tests\unit\test_archiver.py:173: in test_identify_stale_repos_mixed_list
    result = identify_stale_repos(repos, stale_days=90)
src\main\archiver.py:136: in identify_stale_repos
    logger.info(
C:\Program Files\Python310\lib\logging\__init__.py:1477: in info
    self._log(INFO, msg, args, **kwargs)
C:\Program Files\Python310\lib\logging\__init__.py:1624: in _log
    self.handle(record)
C:\Program Files\Python310\lib\logging\__init__.py:1634: in handle
    self.callHandlers(record)
C:\Program Files\Python310\lib\logging\__init__.py:1695: in callHandlers
    if record.levelno >= hdlr.level:
E   TypeError: '>=' not supported between instances of 'int' and 'MagicMock'
___________________________ test_clone_repo_success ___________________________
tests\unit\test_archiver.py:192: in test_clone_repo_success
    res = clone_repo("https://github.com/org/repo.git", dest)
src\main\archiver.py:168: in clone_repo
    logger.info("Cloning '%s' \u2192 '%s'", repo_url, dest_dir)
C:\Program Files\Python310\lib\logging\__init__.py:1477: in info
    self._log(INFO, msg, args, **kwargs)
C:\Program Files\Python310\lib\logging\__init__.py:1624: in _log
    self.handle(record)
C:\Program Files\Python310\lib\logging\__init__.py:1634: in handle
    self.callHandlers(record)
C:\Program Files\Python310\lib\logging\__init__.py:1695: in callHandlers
    if record.levelno >= hdlr.level:
E   TypeError: '>=' not supported between instances of 'int' and 'MagicMock'
___________________________ test_clone_repo_failure ___________________________
tests\unit\test_archiver.py:205: in test_clone_repo_failure
    clone_repo("https://github.com/org/repo.git", dest)
src\main\archiver.py:168: in clone_repo
    logger.info("Cloning '%s' \u2192 '%s'", repo_url, dest_dir)
C:\Program Files\Python310\lib\logging\__init__.py:1477: in info
    self._log(INFO, msg, args, **kwargs)
C:\Program Files\Python310\lib\logging\__init__.py:1624: in _log
    self.handle(record)
C:\Program Files\Python310\lib\logging\__init__.py:1634: in handle
    self.callHandlers(record)
C:\Program Files\Python310\lib\logging\__init__.py:1695: in callHandlers
    if record.levelno >= hdlr.level:
E   TypeError: '>=' not supported between instances of 'int' and 'MagicMock'
____________________ test_generate_archive_creates_tar_gz _____________________
tests\unit\test_archiver.py:221: in test_generate_archive_creates_tar_gz
    result = generate_archive(src, archive_path)
src\main\archiver.py:213: in generate_archive
    logger.info("Archive created: '%s' (%.2f MB)", archive_path, size_mb)
C:\Program Files\Python310\lib\logging\__init__.py:1477: in info
    self._log(INFO, msg, args, **kwargs)
C:\Program Files\Python310\lib\logging\__init__.py:1624: in _log
    self.handle(record)
C:\Program Files\Python310\lib\logging\__init__.py:1634: in handle
    self.callHandlers(record)
C:\Program Files\Python310\lib\logging\__init__.py:1695: in callHandlers
    if record.levelno >= hdlr.level:
E   TypeError: '>=' not supported between instances of 'int' and 'MagicMock'
______________________ test_generate_archive_creates_zip ______________________
tests\unit\test_archiver.py:235: in test_generate_archive_creates_zip
    result = generate_archive(src, archive_path)
src\main\archiver.py:213: in generate_archive
    logger.info("Archive created: '%s' (%.2f MB)", archive_path, size_mb)
C:\Program Files\Python310\lib\logging\__init__.py:1477: in info
    self._log(INFO, msg, args, **kwargs)
C:\Program Files\Python310\lib\logging\__init__.py:1624: in _log
    self.handle(record)
C:\Program Files\Python310\lib\logging\__init__.py:1634: in handle
    self.callHandlers(record)
C:\Program Files\Python310\lib\logging\__init__.py:1695: in callHandlers
    if record.levelno >= hdlr.level:
E   TypeError: '>=' not supported between instances of 'int' and 'MagicMock'
_________________ test_generate_archive_returns_correct_path __________________
tests\unit\test_archiver.py:256: in test_generate_archive_returns_correct_path
    result = generate_archive(src, archive_path)
src\main\archiver.py:213: in generate_archive
    logger.info("Archive created: '%s' (%.2f MB)", archive_path, size_mb)
C:\Program Files\Python310\lib\logging\__init__.py:1477: in info
    self._log(INFO, msg, args, **kwargs)
C:\Program Files\Python310\lib\logging\__init__.py:1624: in _log
    self.handle(record)
C:\Program Files\Python310\lib\logging\__init__.py:1634: in handle
    self.callHandlers(record)
C:\Program Files\Python310\lib\logging\__init__.py:1695: in callHandlers
    if record.levelno >= hdlr.level:
E   TypeError: '>=' not supported between instances of 'int' and 'MagicMock'
___________________ test_archive_repo_dry_run_returns_none ____________________
tests\unit\test_archiver.py:269: in test_archive_repo_dry_run_returns_none
    result = archive_repo(repo, storage_dir="/tmp/test_storage", dry_run=True)
src\main\archiver.py:237: in archive_repo
    logger.info("Starting archive pipeline for '%s'.", repo.full_name, extra=extra)
C:\Program Files\Python310\lib\logging\__init__.py:1477: in info
    self._log(INFO, msg, args, **kwargs)
C:\Program Files\Python310\lib\logging\__init__.py:1624: in _log
    self.handle(record)
C:\Program Files\Python310\lib\logging\__init__.py:1634: in handle
    self.callHandlers(record)
C:\Program Files\Python310\lib\logging\__init__.py:1695: in callHandlers
    if record.levelno >= hdlr.level:
E   TypeError: '>=' not supported between instances of 'int' and 'MagicMock'
_______________________ test_archive_repo_full_pipeline _______________________
tests\unit\test_archiver.py:299: in test_archive_repo_full_pipeline
    result = archive_repo(repo, storage_dir=storage, client=mock_client, dry_run=False)
src\main\archiver.py:237: in archive_repo
    logger.info("Starting archive pipeline for '%s'.", repo.full_name, extra=extra)
C:\Program Files\Python310\lib\logging\__init__.py:1477: in info
    self._log(INFO, msg, args, **kwargs)
C:\Program Files\Python310\lib\logging\__init__.py:1624: in _log
    self.handle(record)
C:\Program Files\Python310\lib\logging\__init__.py:1634: in handle
    self.callHandlers(record)
C:\Program Files\Python310\lib\logging\__init__.py:1695: in callHandlers
    if record.levelno >= hdlr.level:
E   TypeError: '>=' not supported between instances of 'int' and 'MagicMock'
________________________ test_archive_repo_clone_fails ________________________
tests\unit\test_archiver.py:309: in test_archive_repo_clone_fails
    result = archive_repo(repo, storage_dir="/tmp", client=mock_client, dry_run=False)
src\main\archiver.py:237: in archive_repo
    logger.info("Starting archive pipeline for '%s'.", repo.full_name, extra=extra)
C:\Program Files\Python310\lib\logging\__init__.py:1477: in info
    self._log(INFO, msg, args, **kwargs)
C:\Program Files\Python310\lib\logging\__init__.py:1624: in _log
    self.handle(record)
C:\Program Files\Python310\lib\logging\__init__.py:1634: in handle
    self.callHandlers(record)
C:\Program Files\Python310\lib\logging\__init__.py:1695: in callHandlers
    if record.levelno >= hdlr.level:
E   TypeError: '>=' not supported between instances of 'int' and 'MagicMock'
_____________________________ test_main_cli_flow ______________________________
tests\unit\test_archiver.py:331: in test_main_cli_flow
    main()
src\main\archiver.py:361: in main
    logger.info("Git Repository Archiver started.")
C:\Program Files\Python310\lib\logging\__init__.py:1477: in info
    self._log(INFO, msg, args, **kwargs)
C:\Program Files\Python310\lib\logging\__init__.py:1624: in _log
    self.handle(record)
C:\Program Files\Python310\lib\logging\__init__.py:1634: in handle
    self.callHandlers(record)
C:\Program Files\Python310\lib\logging\__init__.py:1695: in callHandlers
    if record.levelno >= hdlr.level:
E   TypeError: '>=' not supported between instances of 'int' and 'MagicMock'
---------------------------- Captured stdout call -----------------------------
==================================
  === Git Repository Archiver ===
==================================


+----------------------+----------------------------------------+
| Setting              | Value                                  |
+----------------------+----------------------------------------+
| Organisation         | org1                                   |
| Stale threshold      | 60 days                                |
| Archive format       | zip                                    |
| Dry run              | Yes                                    |
| Storage directory    | /tmp/store                             |
+----------------------+----------------------------------------+


________________________ test_main_cli_fails_no_token _________________________
tests\unit\test_archiver.py:348: in test_main_cli_fails_no_token
    main()
src\main\archiver.py:361: in main
    logger.info("Git Repository Archiver started.")
C:\Program Files\Python310\lib\logging\__init__.py:1477: in info
    self._log(INFO, msg, args, **kwargs)
C:\Program Files\Python310\lib\logging\__init__.py:1624: in _log
    self.handle(record)
C:\Program Files\Python310\lib\logging\__init__.py:1634: in handle
    self.callHandlers(record)
C:\Program Files\Python310\lib\logging\__init__.py:1695: in callHandlers
    if record.levelno >= hdlr.level:
E   TypeError: '>=' not supported between instances of 'int' and 'MagicMock'
---------------------------- Captured stdout call -----------------------------
==================================
  === Git Repository Archiver ===
==================================


+----------------------+----------------------------------------+
| Setting              | Value                                  |
+----------------------+----------------------------------------+
| Organisation         | org1                                   |
| Stale threshold      | 60 days                                |
| Archive format       | zip                                    |
| Dry run              | Yes                                    |
| Storage directory    | /tmp/store                             |
+----------------------+----------------------------------------+


_________________________ test_main_cli_fails_no_org __________________________
tests\unit\test_archiver.py:357: in test_main_cli_fails_no_org
    main()
src\main\archiver.py:361: in main
    logger.info("Git Repository Archiver started.")
C:\Program Files\Python310\lib\logging\__init__.py:1477: in info
    self._log(INFO, msg, args, **kwargs)
C:\Program Files\Python310\lib\logging\__init__.py:1624: in _log
    self.handle(record)
C:\Program Files\Python310\lib\logging\__init__.py:1634: in handle
    self.callHandlers(record)
C:\Program Files\Python310\lib\logging\__init__.py:1695: in callHandlers
    if record.levelno >= hdlr.level:
E   TypeError: '>=' not supported between instances of 'int' and 'MagicMock'
---------------------------- Captured stdout call -----------------------------
==================================
  === Git Repository Archiver ===
==================================


+----------------------+----------------------------------------+
| Setting              | Value                                  |
+----------------------+----------------------------------------+
| Organisation         |                                        |
| Stale threshold      | 60 days                                |
| Archive format       | zip                                    |
| Dry run              | Yes                                    |
| Storage directory    | /tmp/store                             |
+----------------------+----------------------------------------+


_____________________ test_generate_summary_creates_file ______________________
tests\unit\test_doc_generator.py:53: in test_generate_summary_creates_file
    result = gen.generate_summary(**SAMPLE_CONTEXT, output_path=output)
src\main\doc_generator.py:145: in generate_summary
    logger.info("summary.md written to '%s'.", output_path)
C:\Program Files\Python310\lib\logging\__init__.py:1477: in info
    self._log(INFO, msg, args, **kwargs)
C:\Program Files\Python310\lib\logging\__init__.py:1624: in _log
    self.handle(record)
C:\Program Files\Python310\lib\logging\__init__.py:1634: in handle
    self.callHandlers(record)
C:\Program Files\Python310\lib\logging\__init__.py:1695: in callHandlers
    if record.levelno >= hdlr.level:
E   TypeError: '>=' not supported between instances of 'int' and 'MagicMock'
__________________ test_generate_summary_contains_repo_name ___________________
tests\unit\test_doc_generator.py:62: in test_generate_summary_contains_repo_name
    gen.generate_summary(**SAMPLE_CONTEXT, output_path=output)
src\main\doc_generator.py:145: in generate_summary
    logger.info("summary.md written to '%s'.", output_path)
C:\Program Files\Python310\lib\logging\__init__.py:1477: in info
    self._log(INFO, msg, args, **kwargs)
C:\Program Files\Python310\lib\logging\__init__.py:1624: in _log
    self.handle(record)
C:\Program Files\Python310\lib\logging\__init__.py:1634: in handle
    self.callHandlers(record)
C:\Program Files\Python310\lib\logging\__init__.py:1695: in callHandlers
    if record.levelno >= hdlr.level:
E   TypeError: '>=' not supported between instances of 'int' and 'MagicMock'
___________________ test_generate_summary_contains_repo_url ___________________
tests\unit\test_doc_generator.py:72: in test_generate_summary_contains_repo_url
    gen.generate_summary(**SAMPLE_CONTEXT, output_path=output)
src\main\doc_generator.py:145: in generate_summary
    logger.info("summary.md written to '%s'.", output_path)
C:\Program Files\Python310\lib\logging\__init__.py:1477: in info
    self._log(INFO, msg, args, **kwargs)
C:\Program Files\Python310\lib\logging\__init__.py:1624: in _log
    self.handle(record)
C:\Program Files\Python310\lib\logging\__init__.py:1634: in handle
    self.callHandlers(record)
C:\Program Files\Python310\lib\logging\__init__.py:1695: in callHandlers
    if record.levelno >= hdlr.level:
E   TypeError: '>=' not supported between instances of 'int' and 'MagicMock'
______________ test_generate_summary_contains_contributor_names _______________
tests\unit\test_doc_generator.py:82: in test_generate_summary_contains_contributor_names
    gen.generate_summary(**SAMPLE_CONTEXT, output_path=output)
src\main\doc_generator.py:145: in generate_summary
    logger.info("summary.md written to '%s'.", output_path)
C:\Program Files\Python310\lib\logging\__init__.py:1477: in info
    self._log(INFO, msg, args, **kwargs)
C:\Program Files\Python310\lib\logging\__init__.py:1624: in _log
    self.handle(record)
C:\Program Files\Python310\lib\logging\__init__.py:1634: in handle
    self.callHandlers(record)
C:\Program Files\Python310\lib\logging\__init__.py:1695: in callHandlers
    if record.levelno >= hdlr.level:
E   TypeError: '>=' not supported between instances of 'int' and 'MagicMock'
_______________ test_generate_summary_contains_commit_messages ________________
tests\unit\test_doc_generator.py:93: in test_generate_summary_contains_commit_messages
    gen.generate_summary(**SAMPLE_CONTEXT, output_path=output)
src\main\doc_generator.py:145: in generate_summary
    logger.info("summary.md written to '%s'.", output_path)
C:\Program Files\Python310\lib\logging\__init__.py:1477: in info
    self._log(INFO, msg, args, **kwargs)
C:\Program Files\Python310\lib\logging\__init__.py:1624: in _log
    self.handle(record)
C:\Program Files\Python310\lib\logging\__init__.py:1634: in handle
    self.callHandlers(record)
C:\Program Files\Python310\lib\logging\__init__.py:1695: in callHandlers
    if record.levelno >= hdlr.level:
E   TypeError: '>=' not supported between instances of 'int' and 'MagicMock'
___________________ test_generate_summary_contains_language ___________________
tests\unit\test_doc_generator.py:103: in test_generate_summary_contains_language
    gen.generate_summary(**SAMPLE_CONTEXT, output_path=output)
src\main\doc_generator.py:145: in generate_summary
    logger.info("summary.md written to '%s'.", output_path)
C:\Program Files\Python310\lib\logging\__init__.py:1477: in info
    self._log(INFO, msg, args, **kwargs)
C:\Program Files\Python310\lib\logging\__init__.py:1624: in _log
    self.handle(record)
C:\Program Files\Python310\lib\logging\__init__.py:1634: in handle
    self.callHandlers(record)
C:\Program Files\Python310\lib\logging\__init__.py:1695: in callHandlers
    if record.levelno >= hdlr.level:
E   TypeError: '>=' not supported between instances of 'int' and 'MagicMock'
_________________ test_generate_summary_contains_archive_date _________________
tests\unit\test_doc_generator.py:113: in test_generate_summary_contains_archive_date
    gen.generate_summary(**SAMPLE_CONTEXT, output_path=output)
src\main\doc_generator.py:145: in generate_summary
    logger.info("summary.md written to '%s'.", output_path)
C:\Program Files\Python310\lib\logging\__init__.py:1477: in info
    self._log(INFO, msg, args, **kwargs)
C:\Program Files\Python310\lib\logging\__init__.py:1624: in _log
    self.handle(record)
C:\Program Files\Python310\lib\logging\__init__.py:1634: in handle
    self.callHandlers(record)
C:\Program Files\Python310\lib\logging\__init__.py:1695: in callHandlers
    if record.levelno >= hdlr.level:
E   TypeError: '>=' not supported between instances of 'int' and 'MagicMock'
__________________ test_generate_summary_returns_output_path __________________
tests\unit\test_doc_generator.py:126: in test_generate_summary_returns_output_path
    result = gen.generate_summary(**SAMPLE_CONTEXT, output_path=output)
src\main\doc_generator.py:145: in generate_summary
    logger.info("summary.md written to '%s'.", output_path)
C:\Program Files\Python310\lib\logging\__init__.py:1477: in info
    self._log(INFO, msg, args, **kwargs)
C:\Program Files\Python310\lib\logging\__init__.py:1624: in _log
    self.handle(record)
C:\Program Files\Python310\lib\logging\__init__.py:1634: in handle
    self.callHandlers(record)
C:\Program Files\Python310\lib\logging\__init__.py:1695: in callHandlers
    if record.levelno >= hdlr.level:
E   TypeError: '>=' not supported between instances of 'int' and 'MagicMock'
______________ test_generate_summary_handles_empty_contributors _______________
tests\unit\test_doc_generator.py:136: in test_generate_summary_handles_empty_contributors
    result = gen.generate_summary(**context, output_path=output)
src\main\doc_generator.py:145: in generate_summary
    logger.info("summary.md written to '%s'.", output_path)
C:\Program Files\Python310\lib\logging\__init__.py:1477: in info
    self._log(INFO, msg, args, **kwargs)
C:\Program Files\Python310\lib\logging\__init__.py:1624: in _log
    self.handle(record)
C:\Program Files\Python310\lib\logging\__init__.py:1634: in handle
    self.callHandlers(record)
C:\Program Files\Python310\lib\logging\__init__.py:1695: in callHandlers
    if record.levelno >= hdlr.level:
E   TypeError: '>=' not supported between instances of 'int' and 'MagicMock'
________________ test_generate_summary_handles_empty_languages ________________
tests\unit\test_doc_generator.py:146: in test_generate_summary_handles_empty_languages
    result = gen.generate_summary(**context, output_path=output)
src\main\doc_generator.py:145: in generate_summary
    logger.info("summary.md written to '%s'.", output_path)
C:\Program Files\Python310\lib\logging\__init__.py:1477: in info
    self._log(INFO, msg, args, **kwargs)
C:\Program Files\Python310\lib\logging\__init__.py:1624: in _log
    self.handle(record)
C:\Program Files\Python310\lib\logging\__init__.py:1634: in handle
    self.callHandlers(record)
C:\Program Files\Python310\lib\logging\__init__.py:1695: in callHandlers
    if record.levelno >= hdlr.level:
E   TypeError: '>=' not supported between instances of 'int' and 'MagicMock'
______________ test_generate_summary_creates_parent_directories _______________
tests\unit\test_doc_generator.py:156: in test_generate_summary_creates_parent_directories
    result = gen.generate_summary(**SAMPLE_CONTEXT, output_path=output)
src\main\doc_generator.py:145: in generate_summary
    logger.info("summary.md written to '%s'.", output_path)
C:\Program Files\Python310\lib\logging\__init__.py:1477: in info
    self._log(INFO, msg, args, **kwargs)
C:\Program Files\Python310\lib\logging\__init__.py:1624: in _log
    self.handle(record)
C:\Program Files\Python310\lib\logging\__init__.py:1634: in handle
    self.callHandlers(record)
C:\Program Files\Python310\lib\logging\__init__.py:1695: in callHandlers
    if record.levelno >= hdlr.level:
E   TypeError: '>=' not supported between instances of 'int' and 'MagicMock'
___________________ test_generate_summary_description_none ____________________
tests\unit\test_doc_generator.py:166: in test_generate_summary_description_none
    result = gen.generate_summary(**context, output_path=output)
src\main\doc_generator.py:145: in generate_summary
    logger.info("summary.md written to '%s'.", output_path)
C:\Program Files\Python310\lib\logging\__init__.py:1477: in info
    self._log(INFO, msg, args, **kwargs)
C:\Program Files\Python310\lib\logging\__init__.py:1624: in _log
    self.handle(record)
C:\Program Files\Python310\lib\logging\__init__.py:1634: in handle
    self.callHandlers(record)
C:\Program Files\Python310\lib\logging\__init__.py:1695: in callHandlers
    if record.levelno >= hdlr.level:
E   TypeError: '>=' not supported between instances of 'int' and 'MagicMock'
=========================== short test summary info ===========================
FAILED tests/unit/test_api_client.py::test_get_all_repos_returns_list - Asser...
FAILED tests/unit/test_api_client.py::test_get_last_commit_date_empty_repo_returns_none
FAILED tests/unit/test_api_client.py::test_get_last_commit_date_missing_author
FAILED tests/unit/test_api_client.py::test_get_last_commit_date_string_date
FAILED tests/unit/test_api_client.py::test_get_contributors_no_login_or_empty
FAILED tests/unit/test_archiver.py::test_identify_stale_repos_returns_stale
FAILED tests/unit/test_archiver.py::test_identify_stale_repos_excludes_recent
FAILED tests/unit/test_archiver.py::test_identify_stale_repos_skips_already_archived
FAILED tests/unit/test_archiver.py::test_identify_stale_repos_treats_empty_repo_as_stale
FAILED tests/unit/test_archiver.py::test_identify_stale_repos_mixed_list - Ty...
FAILED tests/unit/test_archiver.py::test_clone_repo_success - TypeError: '>='...
FAILED tests/unit/test_archiver.py::test_clone_repo_failure - TypeError: '>='...
FAILED tests/unit/test_archiver.py::test_generate_archive_creates_tar_gz - Ty...
FAILED tests/unit/test_archiver.py::test_generate_archive_creates_zip - TypeE...
FAILED tests/unit/test_archiver.py::test_generate_archive_returns_correct_path
FAILED tests/unit/test_archiver.py::test_archive_repo_dry_run_returns_none - ...
FAILED tests/unit/test_archiver.py::test_archive_repo_full_pipeline - TypeErr...
FAILED tests/unit/test_archiver.py::test_archive_repo_clone_fails - TypeError...
FAILED tests/unit/test_archiver.py::test_main_cli_flow - TypeError: '>=' not ...
FAILED tests/unit/test_archiver.py::test_main_cli_fails_no_token - TypeError:...
FAILED tests/unit/test_archiver.py::test_main_cli_fails_no_org - TypeError: '...
FAILED tests/unit/test_doc_generator.py::test_generate_summary_creates_file
FAILED tests/unit/test_doc_generator.py::test_generate_summary_contains_repo_name
FAILED tests/unit/test_doc_generator.py::test_generate_summary_contains_repo_url
FAILED tests/unit/test_doc_generator.py::test_generate_summary_contains_contributor_names
FAILED tests/unit/test_doc_generator.py::test_generate_summary_contains_commit_messages
FAILED tests/unit/test_doc_generator.py::test_generate_summary_contains_language
FAILED tests/unit/test_doc_generator.py::test_generate_summary_contains_archive_date
FAILED tests/unit/test_doc_generator.py::test_generate_summary_returns_output_path
FAILED tests/unit/test_doc_generator.py::test_generate_summary_handles_empty_contributors
FAILED tests/unit/test_doc_generator.py::test_generate_summary_handles_empty_languages
FAILED tests/unit/test_doc_generator.py::test_generate_summary_creates_parent_directories
FAILED tests/unit/test_doc_generator.py::test_generate_summary_description_none
33 failed, 16 passed in 3.70s
